// Jest Snapshot v1, https://goo.gl/fbAQLP

exports[`<Main> should render the heading 1`] = `
<main
  class="sc-beyTiQ jeIOmw"
>
  <h2
    class="text-2xl"
  >
    NextJS Boilerplate Starter
  </h2>
</main>
`;
